// Jest Snapshot v1, https://goo.gl/fbAQLP

exports[`Row should match snapshot 1`] = `
<div
  className="row align-items-center"
>
  Test
</div>
`;
